exports[`Actions wrappedAction should reject invalid action 1`] = `"Actions must be either functions or objects"`;
